[AT AI] V16.7.6 build tamamlandı: Android mobil ana sayfa viewport içine sabitlendi; masaüstü görünümüne gerek kalmaz.
[AT AI] V16.7.7/V16.8.0 build tamamlandı: Kupon Veri Denetimi mobilde body kilitlemeden üstten açılır.
[AT AI] V16.8.8 build tamamlandı: 5 Model/Kazanan Yolu session reuse + mevcut tarihsel 5 Model roadmap endpointinde Vercel CDN cache; ekstra function yok; cache v=16880.
[AT AI] V16.8.9 build tamamlandı: Menü 2 kaldırıldı; kupon yalnız Güncel Analiz + Kariyer Yol Haritası 5 Model kullanıyor.
[AT AI] V16.9.0 build tamamlandı: eski Menü 2 HTML’den fiziksel olarak kaldırıldı; görünür sıra 1–7 ile uyumlu.
[AT AI] V16.9.1 build tamamlandı: Kupon Veri Denetimi Kariyer + 5 Model için Günlük Arşiv öncelikli çalışır; yalnız gerçek eksikler hesaplanır.
[AT AI] V16.9.1F build tamamlandı: V16.9.1 sıralama/tarihsel tarama korunur; boot auto-resume ve Kariyer açılışındaki otomatik 5 Model kapalı.
[AT AI] V16.9.1F1 build tamamlandı: V16.9.1F sıralama/tarihsel tarama korunur; kupon yalnız Kariyer/Hazırlık sıralamasından ve adaptif 1/2/3/4/5+ at kuralıyla üretilir.
[AT AI] V16.9.1F2 build tamamlandı: Yıllık Arşiv her geçmiş yarışın ilk 3 atını ayrı kariyer yollarıyla karşılaştırır; her yıl yalnız en güçlü referans tutulur.
[AT AI] V16.9.1F3 build tamamlandı: Tam Analiz/5 Model 2000+ yıl yıl kaynak kullanır; Excel ekranından günün 5 Model arşivi önceden hazırlanır; 5 Model archive-first açılır.
[AT AI] V16.9.1F4 build tamamlandı: Kariyer koşu seçicisi input/change ile görünür sonucu senkronlar; eski koşu DOMu bırakılmaz.
[AT AI] V16.9.1F5 build tamamlandı: TJK Yıllık Arşiv 5 Model ana sıralaması korunur; Bileşik/Tam/İkiz/Aile/Kariyer altında 1.-2.-3. referans alt sıralamaları ayrı gösterilir.
[AT AI] V16.9.1F6 build tamamlandı: Kariyer/Hazırlık kuponu mevcut sonuç çizicisiyle uyumlu ve görünür.
[AT AI] V16.9.1F8 build tamamlandı: kupon 5 Model beklemez; kariyerli at K/H puanı, gerçek debut Güncel Analiz puanı kullanır; F6 kupon görünürlüğü ve mobil kalibrasyon korunur.
[AT AI] V16.9.1F9 build tamamlandı: Günlük Arşiv state köprüsü aktif; program/şehir/Kariyer/Kupon açılışında arşiv otomatik hydrate edilir; mevcut analiz tekrar hesaplanmaz.
[AT AI] V16.9.1F10 build tamamlandı: Manuel Kupon bahis seçimi 5 Model/Bileşik hazırlamaz; kupon doğrudan Kariyer/Hazırlık + debut Güncel akışına gider.
[AT AI] V16.9.1F11 build tamamlandı: Kariyer/Hazırlık puanı değişmeden, tarihsel referansla uyumu oluşturan en güçlü koşu çiftleri kullanıcı isteğiyle lazy gösterilir.
[AT AI] V16.9.1F12 build tamamlandı: Kariyer satır eşleşmesi TAM sınıf + TAM Yaş/Grup kapılı; taşınan sıklet puana, galibiyet profiline ve geçmiş döküme eklendi.
[AT AI] V16.9.1F14 build tamamlandı: açıklama sıklet yüzdesi gerçek satır eşleşmesiyle hesaplanır; hata sonrası tekrar deneme açık; F12 eski listener yeni açıklama patch varken aradan çekilir.
[AT AI] V16.9.1F15 build tamamlandi: Kariyer eslesmelerinde bitiris derecesi ve HP farki performans katsayisi olarak puana eklendi.
[AT AI] V16.9.1F16 build tamamlandi: Sifir puanli ve kati sinif/yas kuralini gecmeyen kosu ciftleri aciklamada eslesme olarak gosterilmez.
[AT AI] V16.9.1F17 build tamamlandi: Tam kariyer yolu zayif olsa bile guclu katı parca eslesmeleri dusuk guvenli sinirli destek puani uretir.
[AT AI] V16.9.1F18 build tamamlandi: Detaydaki parca destek 5-model ve podium ham siralama hesabina baglandi.
[AT AI] V16.9.1F19 build tamamlandi: Yillik arsiv 5-model F18 parca destek hesabina baglandi.
[AT AI] V16.9.1F20 build tamamlandi: Ana kariyer siralamasi model-roadmap kaynakli hibrit aday destek skoru kullanir.
[AT AI] V16.9.1F21 build tamamlandi: Ana kariyer siralamasi bugunku kosu uygunluk tabaniyla desteklenir.
[AT AI] V16.9.1F22 build tamamlandi: 2 yasli Maiden tek guclu hazirlik kosusu kariyer skoruna taban destek verir.
[AT AI] V16.9.1F23 build tamamlandi: bugunku kosu sartinda kazanmis at kariyer siralamasinda dibe dusmez.
[AT AI] V16.9.1F24 build tamamlandi: az kanitla olusan 97-100 kariyer puani tavanlanir.
[AT AI] V16.9.1F25 build tamamlandi: handikap kilo/HP avantajı kariyer skoruna eklenir.
[AT AI] V16.9.1F26 build complete: proven handicap weight edge can override HP band.
[AT AI] V16.9.1F27 build complete: slow career/roadmap requests no longer block Career analysis.
[AT AI] V16.9.1F28 build complete: juvenile Maiden short-career horses use pre-race market confirmation.
[AT AI] V16.9.1F31 build complete: Career all-race analysis uses faster progress, unlock, and refresh controls.
[AT AI] V16.9.1F34 build complete: Career scores include chrono/risk calibration before archive/PDF save.
[AT AI] V16.9.1F35 build complete: coupon missing Career legs are completed as one batch.
[AT AI] V16.9.1F36 build complete: legacy Career warning badges are bridged for current results.
[AT AI] V16.9.1F37 build complete: Istanbul outcome calibration is active for coupon coverage.
[AT AI] V16.9.1F38 build complete: model roadmap payload is compact and mobile timeout guard waits for valid responses.
[AT AI] V16.9.1F39 build complete: daily career PDF packs 5 model tables by dynamic horse-name width.
[AT AI] V16.9.1F40 build complete: stuck Career 5 Model cache auto-recovers without clearing the daily session archive.
[AT AI] V16.9.1F41 build complete: fresh Career 5 Model requests bypass a stalled archive/IndexedDB startup layer.
[AT AI] V16.9.1F43 build complete: Career archive IndexedDB cannot block 5 Model startup or completion indefinitely.
[AT AI] V16.9.1F44 build complete: Career archive and 5 Model progress feedback is visible.
[AT AI] V16.9.1F45 build complete: old flexible Career archive rows refresh before reuse.
[AT AI Android] Web assets are ready for APK packaging.

> Task :android-app:preBuild
> Task :android-app:preDebugBuild
> Task :android-app:mergeDebugNativeDebugMetadata NO-SOURCE
> Task :android-app:checkKotlinGradlePluginConfigurationErrors SKIPPED
> Task :android-app:generateDebugResValues
> Task :android-app:checkDebugAarMetadata
> Task :android-app:mapDebugSourceSetPaths
> Task :android-app:generateDebugResources
> Task :android-app:createDebugCompatibleScreenManifests
> Task :android-app:extractDeepLinksDebug
> Task :android-app:mergeDebugResources
> Task :android-app:processDebugMainManifest
> Task :android-app:packageDebugResources
> Task :android-app:parseDebugLocalResources
> Task :android-app:processDebugManifest
> Task :android-app:processDebugManifestForPackage
> Task :android-app:javaPreCompileDebug
> Task :android-app:mergeDebugShaders
> Task :android-app:compileDebugShaders NO-SOURCE
> Task :android-app:generateDebugAssets UP-TO-DATE
> Task :android-app:mergeDebugAssets
> Task :android-app:processDebugResources
> Task :android-app:compressDebugAssets
> Task :android-app:compileDebugKotlin FAILED
gradle/actions: Writing build results to /home/runner/work/_temp/.gradle-actions/build-results/__run_3-1788004557998.json

FAILURE: Build failed with an exception.

* What went wrong:
Execution failed for task ':android-app:compileDebugKotlin'.
> Inconsistent JVM-target compatibility detected for tasks 'compileDebugJavaWithJavac' (1.8) and 'compileDebugKotlin' (17).
  
  Consider using JVM Toolchain: https://kotl.in/gradle/jvm/toolchain
  Learn more about JVM-target validation: https://kotl.in/gradle/jvm/target-validation 

* Try:
> Run with --info or --debug option to get more log output.
> Run with --scan to get full insights.
> Get more help at https://help.gradle.org.

* Exception is:
org.gradle.api.tasks.TaskExecutionException: Execution failed for task ':android-app:compileDebugKotlin'.
	at org.gradle.api.internal.tasks.execution.ExecuteActionsTaskExecuter.lambda$executeIfValid$1(ExecuteActionsTaskExecuter.java:130)
	at org.gradle.internal.Try$Failure.ifSuccessfulOrElse(Try.java:293)
	at org.gradle.api.internal.tasks.execution.ExecuteActionsTaskExecuter.executeIfValid(ExecuteActionsTaskExecuter.java:128)
	at org.gradle.api.internal.tasks.execution.ExecuteActionsTaskExecuter.execute(ExecuteActionsTaskExecuter.java:116)
	at org.gradle.api.internal.tasks.execution.FinalizePropertiesTaskExecuter.execute(FinalizePropertiesTaskExecuter.java:46)
	at org.gradle.api.internal.tasks.execution.ResolveTaskExecutionModeExecuter.execute(ResolveTaskExecutionModeExecuter.java:51)
	at org.gradle.api.internal.tasks.execution.SkipTaskWithNoActionsExecuter.execute(SkipTaskWithNoActionsExecuter.java:57)
	at org.gradle.api.internal.tasks.execution.SkipOnlyIfTaskExecuter.execute(SkipOnlyIfTaskExecuter.java:74)
	at org.gradle.api.internal.tasks.execution.CatchExceptionTaskExecuter.execute(CatchExceptionTaskExecuter.java:36)
	at org.gradle.api.internal.tasks.execution.EventFiringTaskExecuter$1.executeTask(EventFiringTaskExecuter.java:77)
	at org.gradle.api.internal.tasks.execution.EventFiringTaskExecuter$1.call(EventFiringTaskExecuter.java:55)
	at org.gradle.api.internal.tasks.execution.EventFiringTaskExecuter$1.call(EventFiringTaskExecuter.java:52)
	at org.gradle.internal.operations.DefaultBuildOperationRunner$CallableBuildOperationWorker.execute(DefaultBuildOperationRunner.java:209)
	at org.gradle.internal.operations.DefaultBuildOperationRunner$CallableBuildOperationWorker.execute(DefaultBuildOperationRunner.java:204)
	at org.gradle.internal.operations.DefaultBuildOperationRunner$2.execute(DefaultBuildOperationRunner.java:66)
	at org.gradle.internal.operations.DefaultBuildOperationRunner$2.execute(DefaultBuildOperationRunner.java:59)
	at org.gradle.internal.operations.DefaultBuildOperationRunner.execute(DefaultBuildOperationRunner.java:166)
	at org.gradle.internal.operations.DefaultBuildOperationRunner.execute(DefaultBuildOperationRunner.java:59)
	at org.gradle.internal.operations.DefaultBuildOperationRunner.call(DefaultBuildOperationRunner.java:53)
	at org.gradle.api.internal.tasks.execution.EventFiringTaskExecuter.execute(EventFiringTaskExecuter.java:52)
	at org.gradle.execution.plan.LocalTaskNodeExecutor.execute(LocalTaskNodeExecutor.java:42)
	at org.gradle.execution.taskgraph.DefaultTaskExecutionGraph$InvokeNodeExecutorsAction.execute(DefaultTaskExecutionGraph.java:331)
	at org.gradle.execution.taskgraph.DefaultTaskExecutionGraph$InvokeNodeExecutorsAction.execute(DefaultTaskExecutionGraph.java:318)
	at org.gradle.execution.taskgraph.DefaultTaskExecutionGraph$BuildOperationAwareExecutionAction.lambda$execute$0(DefaultTaskExecutionGraph.java:314)
	at org.gradle.internal.operations.CurrentBuildOperationRef.with(CurrentBuildOperationRef.java:85)
	at org.gradle.execution.taskgraph.DefaultTaskExecutionGraph$BuildOperationAwareExecutionAction.execute(DefaultTaskExecutionGraph.java:314)
	at org.gradle.execution.taskgraph.DefaultTaskExecutionGraph$BuildOperationAwareExecutionAction.execute(DefaultTaskExecutionGraph.java:303)
	at org.gradle.execution.plan.DefaultPlanExecutor$ExecutorWorker.execute(DefaultPlanExecutor.java:459)
	at org.gradle.execution.plan.DefaultPlanExecutor$ExecutorWorker.run(DefaultPlanExecutor.java:376)
	at org.gradle.internal.concurrent.ExecutorPolicy$CatchAndRecordFailures.onExecute(ExecutorPolicy.java:64)
	at org.gradle.internal.concurrent.AbstractManagedExecutor$1.run(AbstractManagedExecutor.java:48)
Caused by: org.gradle.api.InvalidUserCodeException: Inconsistent JVM-target compatibility detected for tasks 'compileDebugJavaWithJavac' (1.8) and 'compileDebugKotlin' (17).

Consider using JVM Toolchain: https://kotl.in/gradle/jvm/toolchain
Learn more about JVM-target validation: https://kotl.in/gradle/jvm/target-validation 
	at org.jetbrains.kotlin.gradle.plugin.diagnostics.RenderReportedDiagnosticsKt.createAnExceptionForFatalDiagnostic(renderReportedDiagnostics.kt:44)
	at org.jetbrains.kotlin.gradle.plugin.diagnostics.RenderReportedDiagnosticsKt.renderReportedDiagnostic(renderReportedDiagnostics.kt:32)
	at org.jetbrains.kotlin.gradle.plugin.diagnostics.KotlinToolingDiagnosticsCollector.report(KotlinToolingDiagnosticsCollector.kt:46)
	at org.jetbrains.kotlin.gradle.plugin.diagnostics.KotlinToolingDiagnosticsCollector.report(KotlinToolingDiagnosticsCollector.kt:40)
	at org.jetbrains.kotlin.gradle.plugin.diagnostics.UsesKotlinToolingDiagnostics$DefaultImpls.reportDiagnostic(UsesKotlinToolingDiagnostics.kt:29)
	at org.jetbrains.kotlin.gradle.tasks.AbstractKotlinCompile.reportDiagnostic(AbstractKotlinCompile.kt:48)
	at org.jetbrains.kotlin.gradle.tasks.KotlinCompile.validateKotlinAndJavaHasSameTargetCompatibility(KotlinCompile.kt:380)
	at org.jetbrains.kotlin.gradle.tasks.KotlinCompile.callCompilerAsync$kotlin_gradle_plugin_common(KotlinCompile.kt:313)
	at org.jetbrains.kotlin.gradle.tasks.KotlinCompile.callCompilerAsync$kotlin_gradle_plugin_common(KotlinCompile.kt:55)
	at org.jetbrains.kotlin.gradle.tasks.AbstractKotlinCompile.executeImpl(AbstractKotlinCompile.kt:314)
	at org.jetbrains.kotlin.gradle.tasks.AbstractKotlinCompile.execute(AbstractKotlinCompile.kt:264)
	at java.base/jdk.internal.reflect.NativeMethodAccessorImpl.invoke0(Native Method)
	at java.base/jdk.internal.reflect.NativeMethodAccessorImpl.invoke(NativeMethodAccessorImpl.java:77)
	at java.base/jdk.internal.reflect.DelegatingMethodAccessorImpl.invoke(DelegatingMethodAccessorImpl.java:43)
	at org.gradle.internal.reflect.JavaMethod.invoke(JavaMethod.java:125)
	at org.gradle.api.internal.project.taskfactory.IncrementalTaskAction.doExecute(IncrementalTaskAction.java:45)
	at org.gradle.api.internal.project.taskfactory.StandardTaskAction.execute(StandardTaskAction.java:51)
	at org.gradle.api.internal.project.taskfactory.IncrementalTaskAction.execute(IncrementalTaskAction.java:26)
	at org.gradle.api.internal.project.taskfactory.StandardTaskAction.execute(StandardTaskAction.java:29)
	at org.gradle.api.internal.tasks.execution.TaskExecution$3.run(TaskExecution.java:244)
	at org.gradle.internal.operations.DefaultBuildOperationRunner$1.execute(DefaultBuildOperationRunner.java:29)
	at org.gradle.internal.operations.DefaultBuildOperationRunner$1.execute(DefaultBuildOperationRunner.java:26)
	at org.gradle.internal.operations.DefaultBuildOperationRunner$2.execute(DefaultBuildOperationRunner.java:66)
	at org.gradle.internal.operations.DefaultBuildOperationRunner$2.execute(DefaultBuildOperationRunner.java:59)
	at org.gradle.internal.operations.DefaultBuildOperationRunner.execute(DefaultBuildOperationRunner.java:166)
	at org.gradle.internal.operations.DefaultBuildOperationRunner.execute(DefaultBuildOperationRunner.java:59)
	at org.gradle.internal.operations.DefaultBuildOperationRunner.run(DefaultBuildOperationRunner.java:47)
	at org.gradle.api.internal.tasks.execution.TaskExecution.executeAction(TaskExecution.java:229)
	at org.gradle.api.internal.tasks.execution.TaskExecution.executeActions(TaskExecution.java:212)
	at org.gradle.api.internal.tasks.execution.TaskExecution.executeWithPreviousOutputFiles(TaskExecution.java:195)
	at org.gradle.api.internal.tasks.execution.TaskExecution.execute(TaskExecution.java:162)
	at org.gradle.internal.execution.steps.ExecuteStep.executeInternal(ExecuteStep.java:105)
	at org.gradle.internal.execution.steps.ExecuteStep.access$000(ExecuteStep.java:44)
	at org.gradle.internal.execution.steps.ExecuteStep$1.call(ExecuteStep.java:59)
	at org.gradle.internal.execution.steps.ExecuteStep$1.call(ExecuteStep.java:56)
	at org.gradle.internal.operations.DefaultBuildOperationRunner$CallableBuildOperationWorker.execute(DefaultBuildOperationRunner.java:209)
	at org.gradle.internal.operations.DefaultBuildOperationRunner$CallableBuildOperationWorker.execute(DefaultBuildOperationRunner.java:204)
	at org.gradle.internal.operations.DefaultBuildOperationRunner$2.execute(DefaultBuildOperationRunner.java:66)
	at org.gradle.internal.operations.DefaultBuildOperationRunner$2.execute(DefaultBuildOperationRunner.java:59)
	at org.gradle.internal.operations.DefaultBuildOperationRunner.execute(DefaultBuildOperationRunner.java:166)
	at org.gradle.internal.operations.DefaultBuildOperationRunner.execute(DefaultBuildOperationRunner.java:59)
	at org.gradle.internal.operations.DefaultBuildOperationRunner.call(DefaultBuildOperationRunner.java:53)
	at org.gradle.internal.execution.steps.ExecuteStep.execute(ExecuteStep.java:56)
	at org.gradle.internal.execution.steps.ExecuteStep.execute(ExecuteStep.java:44)
	at org.gradle.internal.execution.steps.CancelExecutionStep.execute(CancelExecutionStep.java:42)
	at org.gradle.internal.execution.steps.TimeoutStep.executeWithoutTimeout(TimeoutStep.java:75)
	at org.gradle.internal.execution.steps.TimeoutStep.execute(TimeoutStep.java:55)
	at org.gradle.internal.execution.steps.PreCreateOutputParentsStep.execute(PreCreateOutputParentsStep.java:50)
	at org.gradle.internal.execution.steps.PreCreateOutputParentsStep.execute(PreCreateOutputParentsStep.java:28)
	at org.gradle.internal.execution.steps.RemovePreviousOutputsStep.execute(RemovePreviousOutputsStep.java:67)
	at org.gradle.internal.execution.steps.RemovePreviousOutputsStep.execute(RemovePreviousOutputsStep.java:37)
	at org.gradle.internal.execution.steps.BroadcastChangingOutputsStep.execute(BroadcastChangingOutputsStep.java:61)
	at org.gradle.internal.execution.steps.BroadcastChangingOutputsStep.execute(BroadcastChangingOutputsStep.java:26)
	at org.gradle.internal.execution.steps.CaptureOutputsAfterExecutionStep.execute(CaptureOutputsAfterExecutionStep.java:69)
	at org.gradle.internal.execution.steps.CaptureOutputsAfterExecutionStep.execute(CaptureOutputsAfterExecutionStep.java:46)
	at org.gradle.internal.execution.steps.ResolveInputChangesStep.execute(ResolveInputChangesStep.java:40)
	at org.gradle.internal.execution.steps.ResolveInputChangesStep.execute(ResolveInputChangesStep.java:29)
	at org.gradle.internal.execution.steps.BuildCacheStep.executeWithoutCache(BuildCacheStep.java:189)
	at org.gradle.internal.execution.steps.BuildCacheStep.lambda$execute$1(BuildCacheStep.java:75)
	at org.gradle.internal.Either$Right.fold(Either.java:175)
	at org.gradle.internal.execution.caching.CachingState.fold(CachingState.java:62)
	at org.gradle.internal.execution.steps.BuildCacheStep.execute(BuildCacheStep.java:73)
	at org.gradle.internal.execution.steps.BuildCacheStep.execute(BuildCacheStep.java:48)
	at org.gradle.internal.execution.steps.StoreExecutionStateStep.execute(StoreExecutionStateStep.java:46)
	at org.gradle.internal.execution.steps.StoreExecutionStateStep.execute(StoreExecutionStateStep.java:35)
	at org.gradle.internal.execution.steps.SkipUpToDateStep.executeBecause(SkipUpToDateStep.java:75)
	at org.gradle.internal.execution.steps.SkipUpToDateStep.lambda$execute$2(SkipUpToDateStep.java:53)
	at org.gradle.internal.execution.steps.SkipUpToDateStep.execute(SkipUpToDateStep.java:53)
	at org.gradle.internal.execution.steps.SkipUpToDateStep.execute(SkipUpToDateStep.java:35)
	at org.gradle.internal.execution.steps.legacy.MarkSnapshottingInputsFinishedStep.execute(MarkSnapshottingInputsFinishedStep.java:37)
	at org.gradle.internal.execution.steps.legacy.MarkSnapshottingInputsFinishedStep.execute(MarkSnapshottingInputsFinishedStep.java:27)
	at org.gradle.internal.execution.steps.ResolveIncrementalCachingStateStep.executeDelegate(ResolveIncrementalCachingStateStep.java:49)
	at org.gradle.internal.execution.steps.ResolveIncrementalCachingStateStep.executeDelegate(ResolveIncrementalCachingStateStep.java:27)
	at org.gradle.internal.execution.steps.AbstractResolveCachingStateStep.execute(AbstractResolveCachingStateStep.java:71)
	at org.gradle.internal.execution.steps.AbstractResolveCachingStateStep.execute(AbstractResolveCachingStateStep.java:39)
	at org.gradle.internal.execution.steps.ResolveChangesStep.execute(ResolveChangesStep.java:65)
	at org.gradle.internal.execution.steps.ResolveChangesStep.execute(ResolveChangesStep.java:36)
	at org.gradle.internal.execution.steps.ValidateStep.execute(ValidateStep.java:107)
	at org.gradle.internal.execution.steps.ValidateStep.execute(ValidateStep.java:56)
	at org.gradle.internal.execution.steps.AbstractCaptureStateBeforeExecutionStep.execute(AbstractCaptureStateBeforeExecutionStep.java:64)
	at org.gradle.internal.execution.steps.AbstractCaptureStateBeforeExecutionStep.execute(AbstractCaptureStateBeforeExecutionStep.java:43)
	at org.gradle.internal.execution.steps.AbstractSkipEmptyWorkStep.executeWithNonEmptySources(AbstractSkipEmptyWorkStep.java:125)
	at org.gradle.internal.execution.steps.AbstractSkipEmptyWorkStep.execute(AbstractSkipEmptyWorkStep.java:61)
	at org.gradle.internal.execution.steps.AbstractSkipEmptyWorkStep.execute(AbstractSkipEmptyWorkStep.java:36)
	at org.gradle.internal.execution.steps.legacy.MarkSnapshottingInputsStartedStep.execute(MarkSnapshottingInputsStartedStep.java:38)
	at org.gradle.internal.execution.steps.LoadPreviousExecutionStateStep.execute(LoadPreviousExecutionStateStep.java:36)
	at org.gradle.internal.execution.steps.LoadPreviousExecutionStateStep.execute(LoadPreviousExecutionStateStep.java:23)
	at org.gradle.internal.execution.steps.HandleStaleOutputsStep.execute(HandleStaleOutputsStep.java:75)
	at org.gradle.internal.execution.steps.HandleStaleOutputsStep.execute(HandleStaleOutputsStep.java:41)
	at org.gradle.internal.execution.steps.AssignMutableWorkspaceStep.lambda$execute$0(AssignMutableWorkspaceStep.java:35)
	at org.gradle.api.internal.tasks.execution.TaskExecution$4.withWorkspace(TaskExecution.java:289)
	at org.gradle.internal.execution.steps.AssignMutableWorkspaceStep.execute(AssignMutableWorkspaceStep.java:31)
	at org.gradle.internal.execution.steps.AssignMutableWorkspaceStep.execute(AssignMutableWorkspaceStep.java:22)
	at org.gradle.internal.execution.steps.ChoosePipelineStep.execute(ChoosePipelineStep.java:40)
	at org.gradle.internal.execution.steps.ChoosePipelineStep.execute(ChoosePipelineStep.java:23)
	at org.gradle.internal.execution.steps.ExecuteWorkBuildOperationFiringStep.lambda$execute$2(ExecuteWorkBuildOperationFiringStep.java:67)
	at org.gradle.internal.execution.steps.ExecuteWorkBuildOperationFiringStep.execute(ExecuteWorkBuildOperationFiringStep.java:67)
	at org.gradle.internal.execution.steps.ExecuteWorkBuildOperationFiringStep.execute(ExecuteWorkBuildOperationFiringStep.java:39)
	at org.gradle.internal.execution.steps.IdentityCacheStep.execute(IdentityCacheStep.java:46)
	at org.gradle.internal.execution.steps.IdentityCacheStep.execute(IdentityCacheStep.java:34)
	at org.gradle.internal.execution.steps.IdentifyStep.execute(IdentifyStep.java:48)
	at org.gradle.internal.execution.steps.IdentifyStep.execute(IdentifyStep.java:35)
	at org.gradle.internal.execution.impl.DefaultExecutionEngine$1.execute(DefaultExecutionEngine.java:61)
	at org.gradle.api.internal.tasks.execution.ExecuteActionsTaskExecuter.executeIfValid(ExecuteActionsTaskExecuter.java:127)
	at org.gradle.api.internal.tasks.execution.ExecuteActionsTaskExecuter.execute(ExecuteActionsTaskExecuter.java:116)
	at org.gradle.api.internal.tasks.execution.FinalizePropertiesTaskExecuter.execute(FinalizePropertiesTaskExecuter.java:46)
	at org.gradle.api.internal.tasks.execution.ResolveTaskExecutionModeExecuter.execute(ResolveTaskExecutionModeExecuter.java:51)
	at org.gradle.api.internal.tasks.execution.SkipTaskWithNoActionsExecuter.execute(SkipTaskWithNoActionsExecuter.java:57)
	at org.gradle.api.internal.tasks.execution.SkipOnlyIfTaskExecuter.execute(SkipOnlyIfTaskExecuter.java:74)
	at org.gradle.api.internal.tasks.execution.CatchExceptionTaskExecuter.execute(CatchExceptionTaskExecuter.java:36)
	at org.gradle.api.internal.tasks.execution.EventFiringTaskExecuter$1.executeTask(EventFiringTaskExecuter.java:77)
	at org.gradle.api.internal.tasks.execution.EventFiringTaskExecuter$1.call(EventFiringTaskExecuter.java:55)
	at org.gradle.api.internal.tasks.execution.EventFiringTaskExecuter$1.call(EventFiringTaskExecuter.java:52)
	at org.gradle.internal.operations.DefaultBuildOperationRunner$CallableBuildOperationWorker.execute(DefaultBuildOperationRunner.java:209)
	at org.gradle.internal.operations.DefaultBuildOperationRunner$CallableBuildOperationWorker.execute(DefaultBuildOperationRunner.java:204)
	at org.gradle.internal.operations.DefaultBuildOperationRunner$2.execute(DefaultBuildOperationRunner.java:66)
	at org.gradle.internal.operations.DefaultBuildOperationRunner$2.execute(DefaultBuildOperationRunner.java:59)
	at org.gradle.internal.operations.DefaultBuildOperationRunner.execute(DefaultBuildOperationRunner.java:166)
	at org.gradle.internal.operations.DefaultBuildOperationRunner.execute(DefaultBuildOperationRunner.java:59)
	at org.gradle.internal.operations.DefaultBuildOperationRunner.call(DefaultBuildOperationRunner.java:53)
	at org.gradle.api.internal.tasks.execution.EventFiringTaskExecuter.execute(EventFiringTaskExecuter.java:52)
	at org.gradle.execution.plan.LocalTaskNodeExecutor.execute(LocalTaskNodeExecutor.java:42)
	at org.gradle.execution.taskgraph.DefaultTaskExecutionGraph$InvokeNodeExecutorsAction.execute(DefaultTaskExecutionGraph.java:331)
	at org.gradle.execution.taskgraph.DefaultTaskExecutionGraph$InvokeNodeExecutorsAction.execute(DefaultTaskExecutionGraph.java:318)
	at org.gradle.execution.taskgraph.DefaultTaskExecutionGraph$BuildOperationAwareExecutionAction.lambda$execute$0(DefaultTaskExecutionGraph.java:314)
	at org.gradle.internal.operations.CurrentBuildOperationRef.with(CurrentBuildOperationRef.java:85)
	at org.gradle.execution.taskgraph.DefaultTaskExecutionGraph$BuildOperationAwareExecutionAction.execute(DefaultTaskExecutionGraph.java:314)
	at org.gradle.execution.taskgraph.DefaultTaskExecutionGraph$BuildOperationAwareExecutionAction.execute(DefaultTaskExecutionGraph.java:303)
	at org.gradle.execution.plan.DefaultPlanExecutor$ExecutorWorker.execute(DefaultPlanExecutor.java:459)
	at org.gradle.execution.plan.DefaultPlanExecutor$ExecutorWorker.run(DefaultPlanExecutor.java:376)
	at org.gradle.internal.concurrent.ExecutorPolicy$CatchAndRecordFailures.onExecute(ExecutorPolicy.java:64)
	at org.gradle.internal.concurrent.AbstractManagedExecutor$1.run(AbstractManagedExecutor.java:48)


BUILD FAILED in 1m 45s
19 actionable tasks: 19 executed
